// Jest Snapshot v1, https://goo.gl/fbAQLP

exports[`Should render ExpenseList with expenses 1`] = `
<div>
  <_default
    amount={10000}
    createdAt={0}
    description="gum"
    id={1}
    key="1"
    note=""
  />
  <_default
    amount={9500}
    createdAt={-345600000}
    description="rent"
    id={2}
    key="2"
    note=""
  />
  <_default
    amount={108000}
    createdAt={345600000}
    description="coffee"
    id={3}
    key="3"
    note=""
  />
</div>
`;

exports[`Should render ExpenseList with no expenses 1`] = `
<div>
  <p>
    No expenses.
  </p>
</div>
`;
